# Errors have been resolved
# All URL namespace issues have been fixed:
# - 'logout' → 'users:logout'
# - 'login' → 'users:login' 
# - 'register' → 'users:register'